// Jest Snapshot v1, https://goo.gl/fbAQLP

exports[`Header component renders Header 1`] = `
<div
  className="Header"
>
  <h1>
    Local Info
  </h1>
</div>
`;
